   Compiling proc-macro2 v1.0.106
   Compiling unicode-ident v1.0.24
   Compiling quote v1.0.45
   Compiling serde_core v1.0.228
   Compiling serde v1.0.228
   Compiling autocfg v1.5.0
   Compiling zmij v1.0.21
   Compiling itoa v1.0.18
   Compiling serde_json v1.0.149
   Compiling rust_decimal v1.41.0
   Compiling core-foundation-sys v0.8.7
   Compiling equivalent v1.0.2
   Compiling thiserror v2.0.18
   Compiling hashbrown v0.17.0
   Compiling memchr v2.8.0
   Compiling unsafe-libyaml v0.2.11
   Compiling arrayvec v0.7.6
   Compiling ryu v1.0.23
   Compiling iana-time-zone v0.1.65
   Compiling num-traits v0.2.19
   Compiling indexmap v2.14.0
   Compiling syn v2.0.117
   Compiling serde_derive v1.0.228
   Compiling thiserror-impl v2.0.18
   Compiling rust_decimal_macros v1.40.0
   Compiling serde_yaml v0.9.34+deprecated
   Compiling chrono v0.4.44
   Compiling axiom-rules-engine v0.1.0 (/Users/maxghenis/TheAxiomFoundation/_worktrees/axiom-rules-engine-c8e8db1)
    Finished `release` profile [optimized] target(s) in 31.69s
exit=0
